[ERROR] mismatched type, expected int at 3:2, got str at 3:6