[ERROR] mismatched type, expected str at 4:10, got int at 2:8