[ERROR] referenced unknown identifier unknown_ident at 2:6