[ERROR] mismatched type, expected bool at 1:4, got float at 2:5