explicit_return expected return with type int (defined at 3:4), got explicit return with type str at 4:9