[ERROR] mismatched type, expected str at 4:8, got int at 2:6