[ERROR] mismatched type, expected str at 2:6, got int at 2:15