[ERROR] expected (, =, assignment, got newline at 2:13
[ERROR] expected (, =, assignment, got newline at 5:14
[ERROR] expected (, =, assignment, got newline at 9:15