[ERROR] literal value required for panic at 3:8
[ERROR] literal value required for panic at 3:11