[ERROR] mismatched type, expected bool at 2:6, got str at 2:6