[ERROR] shadowing is illegal within the same scope with x at 4:6